4, 0.001, 0.001, 0.01, 0.001, 0.002, 0.01, 0.001, 0.0, 0.0, 0.0, 0.0, 0.0, 0.0, 0.0, 0.0, 0.0, 0.0, 0.0, 0.0, 0.0, 0.0, 0.1, 0.0, 0.2, 0.001, 0.0, 0.0, 0.001, 0.0, 0.0, 0.2, 0.0, 0.0, 0.001, 0.0, 0.0, 0.01, 0.0, 0.0, 0.002, 0.0, 0.0, 0.001, 0.0, 0.0, 0.002, 0.0, 0.0, 0.001, 0.0, 0.0, 0.001, 0.0, 0.0, 0.002, 0.0, 0.0, 0.01, 0.0, 0.0, 0.001, 0.0, 0.0, 0.001, 0.0, 0.0, 0.2, 0.0, 0.0, 0.01, 0.0, 0.0, 0.002, 0.0, 0.0, 0.001, 0.0, 0.0, 0.001, 0.0, 0.0, 0.002, 0.0, 0.0, 0.002, 0.0, 0.0, 0.001, 0.0, 0.0, 0.001, 0.0, 0.0, 0.01, 0.0, 0.0, 0.001, 0.0, 0.0, 0.2, 0.0, 0.0, 0.002, 0.0, 0.0, 0.001, 0.0, 0.0, 0.002, 0.0, 0.0, 0.001, 0.0, 0.0, 0.001, 0.0, 0.0, 0.001, 0.0, 0.0, 0.01, 0.0, 0.0, 0.001, 0.0, 0.0, 0.001, 0.0, 0.0, 0.001, 0.0, 0.0, 0.01, 0.0, 0.0, 0.01, 0.0, 0.0, 0.001, 0.0, 0.0, 0.01, 0.0, 0.0